// Jest Snapshot v1, https://goo.gl/fbAQLP

exports[`Pruebas unitarias en PokemonPage Page Debe de hacer match con el snapshot 1`] = `<h1 class="fade-in">Cargando la información...</h1>`;

exports[`Pruebas unitarias en PokemonPage Page Debe de hacer match con el snapshot cuando cargan los pokemons 1`] = `
<div>
  <h1>¿Quién es este pokémon?</h1>
  <pokemon-picture-stub pokemonid="151" showpokemon="false"></pokemon-picture-stub>
  <pokemon-option-stub pokemons="[object Object],[object Object],[object Object],[object Object]"></pokemon-option-stub>
  <!--v-if-->
</div>
`;
